══ Cognitive Refinement Verification ══
✅ [COMMAND CLEAR]
   Input: "mova os arquivos html para workspace"
   Subtype: command (Exp: command) | OK
   Decision: execute (Exp: execute) | OK
   Confidence: 0.99
✅ [SUGGESTION]
   Input: "acho que deveria mover os html"
   Subtype: suggestion (Exp: suggestion) | OK
   Decision: ask (Exp: ask) | OK
   Confidence: 0.40
✅ [DOUBT]
   Input: "por que os arquivos estão na raiz?"
   Subtype: doubt (Exp: doubt) | OK
   Decision: ask (Exp: ask) | OK
   Confidence: 0.30
✅ [SAFE MODE COMMAND]
   Input: "mova os arquivos"
   Subtype: command (Exp: command) | OK
   Decision: confirm (Exp: confirm) | OK
   Confidence: 0.99
✅ [AGGRESSIVE SUGGESTION]
   Input: "acho que deveria mover"
   Subtype: suggestion (Exp: suggestion) | OK
   Decision: ask (Exp: ask) | OK
   Confidence: 0.40

Result: 5/5 passed.
